Microchip MPLAB XC8 Compiler V2.32

Linker command line:

-W-3 --edf=C:\Program Files\Microchip\pic\dat\en_msgs.txt -cn \
  -h+dist/default/production\Mek_HandGesture_Robot.X.production.sym \
  --cmf=dist/default/production\Mek_HandGesture_Robot.X.production.cmf -z \
  -Q16F18877 -oC:\Users\SINDRI~1\AppData\Local\Temp\xcAsi6k.4 \
  --defsym=__MPLAB_BUILD=1 \
  -Mdist/default/production/Mek_HandGesture_Robot.X.production.map -E1 \
  -ver=XC8 Compiler --acfsm=1493 -ASTACK=0208Fh-02FEFh -pstack=STACK \
  -ACODE=00h-07FFhx16 -ASTRCODE=00h-07FFFh -ASTRING=00h-0FFhx128 \
  -ACONST=00h-0FFhx128 -AENTRY=00h-0FFhx128 -ACOMMON=070h-07Fh \
  -ABANK0=020h-06Fh -ABANK1=0A0h-0EFh -ABANK2=0120h-016Fh \
  -ABANK3=01A0h-01EFh -ABANK4=0220h-026Fh -ABANK5=02A0h-02EFh \
  -ABANK6=0320h-036Fh -ABANK7=03A0h-03EFh -ABANK8=0420h-046Fh \
  -ABANK9=04A0h-04EFh -ABANK10=0520h-056Fh -ABANK11=05A0h-05EFh \
  -ABANK12=0620h-066Fh -ABANK13=06A0h-06EFh -ABANK14=0720h-076Fh \
  -ABANK15=07A0h-07EFh -ABANK16=0820h-086Fh -ABANK17=08A0h-08EFh \
  -ABANK18=0920h-096Fh -ABANK19=09A0h-09EFh -ABANK20=0A20h-0A6Fh \
  -ABANK21=0AA0h-0AEFh -ABANK22=0B20h-0B6Fh -ABANK23=0BA0h-0BEFh \
  -ABANK24=0C20h-0C6Fh -ABANK25=0CA0h-0CEFh -ABANK26=0D20h-0D6Fh \
  -ABANK27=0DA0h-0DEFh -ABANK28=0E20h-0E6Fh -ABANK29=0EA0h-0EEFh \
  -ABANK30=0F20h-0F6Fh -ABANK31=0FA0h-0FEFh -ABANK32=01020h-0106Fh \
  -ABANK33=010A0h-010EFh -ABANK34=01120h-0116Fh -ABANK35=011A0h-011EFh \
  -ABANK36=01220h-0126Fh -ABANK37=012A0h-012EFh -ABANK38=01320h-0136Fh \
  -ABANK39=013A0h-013EFh -ABANK40=01420h-0146Fh -ABANK41=014A0h-014EFh \
  -ABANK42=01520h-0156Fh -ABANK43=015A0h-015EFh -ABANK44=01620h-0166Fh \
  -ABANK45=016A0h-016EFh -ABANK46=01720h-0176Fh -ABANK47=017A0h-017EFh \
  -ABANK48=01820h-0186Fh -ABANK49=018A0h-018EFh -ABANK50=01920h-0196Fh \
  -ABIGRAM=02000h-02FEFh \
  -ARAM=020h-06Fh,0A0h-0EFh,0120h-016Fh,01A0h-01EFh,0220h-026Fh,02A0h-02EFh,0320h-036Fh,03A0h-03EFh,0420h-046Fh,04A0h-04EFh,0520h-056Fh,05A0h-05EFh,0620h-066Fh,06A0h-06EFh,0720h-076Fh,07A0h-07EFh,0820h-086Fh,08A0h-08EFh,0920h-096Fh,09A0h-09EFh,0A20h-0A6Fh,0AA0h-0AEFh,0B20h-0B6Fh,0BA0h-0BEFh,0C20h-0C6Fh,0CA0h-0CEFh,0D20h-0D6Fh,0DA0h-0DEFh,0E20h-0E6Fh,0EA0h-0EEFh,0F20h-0F6Fh,0FA0h-0FEFh,01020h-0106Fh,010A0h-010EFh,01120h-0116Fh,011A0h-011EFh,01220h-0126Fh,012A0h-012EFh,01320h-0136Fh,013A0h-013EFh,01420h-0146Fh,014A0h-014EFh,01520h-0156Fh,015A0h-015EFh,01620h-0166Fh,016A0h-016EFh,01720h-0176Fh,017A0h-017EFh,01820h-0186Fh,018A0h-018EFh,01920h-0196Fh \
  -AABS1=020h-07Fh,0A0h-0EFh,0120h-016Fh,01A0h-01EFh,0220h-026Fh,02A0h-02EFh,0320h-036Fh,03A0h-03EFh,0420h-046Fh,04A0h-04EFh,0520h-056Fh,05A0h-05EFh,0620h-066Fh,06A0h-06EFh,0720h-076Fh,07A0h-07EFh,0820h-086Fh,08A0h-08EFh,0920h-096Fh,09A0h-09EFh,0A20h-0A6Fh,0AA0h-0AEFh,0B20h-0B6Fh,0BA0h-0BEFh,0C20h-0C6Fh,0CA0h-0CEFh,0D20h-0D6Fh,0DA0h-0DEFh,0E20h-0E6Fh,0EA0h-0EEFh,0F20h-0F6Fh,0FA0h-0FEFh,01020h-0106Fh,010A0h-010EFh,01120h-0116Fh,011A0h-011EFh,01220h-0126Fh,012A0h-012EFh,01320h-0136Fh,013A0h-013EFh,01420h-0146Fh,014A0h-014EFh,01520h-0156Fh,015A0h-015EFh,01620h-0166Fh,016A0h-016EFh,01720h-0176Fh,017A0h-017EFh,01820h-0186Fh,018A0h-018EFh,01920h-0196Fh \
  -ASFR0=00h-01Fh -ASFR1=080h-09Fh -ASFR2=0100h-011Fh -ASFR3=0180h-019Fh \
  -ASFR4=0200h-021Fh -ASFR5=0280h-029Fh -ASFR6=0300h-031Fh \
  -ASFR7=0380h-039Fh -ASFR8=0400h-041Fh -ASFR9=0480h-049Fh \
  -ASFR10=0500h-051Fh -ASFR11=0580h-059Fh -ASFR12=0600h-061Fh \
  -ASFR13=0680h-069Fh -ASFR14=0700h-071Fh -ASFR15=0780h-079Fh \
  -ASFR16=0800h-081Fh -ASFR17=0880h-089Fh -ASFR18=0900h-091Fh \
  -ASFR19=0980h-099Fh -ASFR20=0A00h-0A1Fh -ASFR21=0A80h-0A9Fh \
  -ASFR22=0B00h-0B1Fh -ASFR23=0B80h-0B9Fh -ASFR24=0C00h-0C1Fh \
  -ASFR25=0C80h-0C9Fh -ASFR26=0D00h-0D1Fh -ASFR27=0D80h-0D9Fh \
  -ASFR28=0E00h-0E1Fh -ASFR29=0E80h-0E9Fh -ASFR30=0F00h-0F1Fh \
  -ASFR31=0F80h-0F9Fh -ASFR32=01000h-0101Fh -ASFR33=01080h-0109Fh \
  -ASFR34=01100h-0111Fh -ASFR35=01180h-0119Fh -ASFR36=01200h-0121Fh \
  -ASFR37=01280h-0129Fh -ASFR38=01300h-0131Fh -ASFR39=01380h-0139Fh \
  -ASFR40=01400h-0141Fh -ASFR41=01480h-0149Fh -ASFR42=01500h-0151Fh \
  -ASFR43=01580h-0159Fh -ASFR44=01600h-0161Fh -ASFR45=01680h-0169Fh \
  -ASFR46=01700h-0171Fh -ASFR47=01780h-0179Fh -ASFR48=01800h-0181Fh \
  -ASFR49=01880h-0189Fh -ASFR50=01900h-0191Fh -ASFR51=01980h-019EFh \
  -ASFR52=01A00h-01A6Fh -ASFR53=01A80h-01AEFh -ASFR54=01B00h-01B6Fh \
  -ASFR55=01B80h-01BEFh -ASFR56=01C00h-01C6Fh -ASFR57=01C80h-01CEFh \
  -ASFR58=01D00h-01D6Fh -ASFR59=01D80h-01DEFh -ASFR60=01E00h-01E6Fh \
  -ASFR61=01E80h-01EEFh -ASFR62=01F00h-01F6Fh -ASFR63=01F80h-01FEFh \
  -ACONFIG=08007h-0800Bh -DCONFIG=2 -AIDLOC=08000h-08003h -DIDLOC=2 \
  -AEEDATA=00h-0FFh/0F000h -peeprom_data=EEDATA -DEEDATA=2 -DCODE=2 \
  -DSTRCODE=2 -DSTRING=2 -DCONST=2 -DENTRY=2 \
  -preset_vec=00h,intentry=04h,init,end_init -ppowerup=CODE -pcinit=CODE \
  -pfunctab=ENTRY -k C:\Users\SINDRI~1\AppData\Local\Temp\xcAsi6k.o \
  dist/default/production\Mek_HandGesture_Robot.X.production.o 

Object code version is 3.11

Machine type is 16F18877



                Name                               Link     Load   Length Selector   Space Scale
C:\Users\SINDRI~1\AppData\Local\Temp\xcAsi6k.o
                end_init                             74       74        2        8       0
                reset_vec                             0        0        2        0       0
                config                             8007     8007        5        0       4
                idloc                              8000     8000        4        0       5
dist/default/production\Mek_HandGesture_Robot.X.production.o
                cinit                                76       76       29        8       0
                intentry                              4        4       70        8       0
                config                             8007     8007        5        0       4
                idloc                              8000     8000        4        0       5
                text20                              3F7      3F7       5D        8       0
                text19                              302      302       84        8       0
                text18                              386      386       71        8       0
                text17                              66A      66A        A        8       0
                text16                              508      508       40        8       0
                text15                              5AC      5AC       28        8       0
                text14                              5D4      5D4       19        8       0
                text13                              4AF      4AF       59        8       0
                text12                              214      214       EE        8       0
                text11                               9F       9F      175        8       0
                text10                              57B      57B       31        8       0
                text9                               5ED      5ED       17        8       0
                text8                               653      653        D        8       0
                text7                               604      604       12        8       0
                text6                               637      637        F        8       0
                text5                               646      646        D        8       0
                text4                               68C      68C        3      D12       0
                text3                               454      454       5B        8       0
                text2                               616      616       11        8       0
                text1                               627      627       10        8       0
                maintext                            548      548       33        8       0
                cstackBANK0                          20       20       4A       20       1
                cstackCOMMON                         70       70        A       70       1
                cstackBANK1                          D6       D6        9       A0       1
                clrtext                             67A      67A        6        8       0
                inittext                            674      674        6        8       0
                dataBANK1                            CC       CC        A       A0       1
                bssBANK1                             A0       A0       2C       A0       1
                dataBANK0                            6D       6D        3       20       1
                bssBANK0                             6A       6A        3       20       1
                bssCOMMON                            7A       7A        2       70       1
                stringtext2                         685      685        4      D00       0
                stringtext1                         680      680        5      D00       0
                idataBANK1                          660      660        A        8       0
                idataBANK0                          689      689        3      D12       0

TOTAL           Name                               Link     Load   Length     Space
        CLASS   STACK          

        CLASS   CODE           
                end_init                             74       74        2         0
                cinit                                76       76       29         0
                intentry                              4        4       70         0
                reset_vec                             0        0        2         0
                text20                              3F7      3F7       5D         0
                text19                              302      302       84         0
                text18                              386      386       71         0
                text17                              66A      66A        A         0
                text16                              508      508       40         0
                text15                              5AC      5AC       28         0
                text14                              5D4      5D4       19         0
                text13                              4AF      4AF       59         0
                text12                              214      214       EE         0
                text11                               9F       9F      175         0
                text10                              57B      57B       31         0
                text9                               5ED      5ED       17         0
                text8                               653      653        D         0
                text7                               604      604       12         0
                text6                               637      637        F         0
                text5                               646      646        D         0
                text4                               68C      68C        3         0
                text3                               454      454       5B         0
                text2                               616      616       11         0
                text1                               627      627       10         0
                maintext                            548      548       33         0
                clrtext                             67A      67A        6         0
                inittext                            674      674        6         0
                idataBANK1                          660      660        A         0
                idataBANK0                          689      689        3         0

        CLASS   STRCODE        
                stringtext2                         685      685        4         0
                stringtext1                         680      680        5         0

        CLASS   STRING         

        CLASS   CONST          

        CLASS   ENTRY          

        CLASS   COMMON         
                cstackCOMMON                         70       70        A         1
                bssCOMMON                            7A       7A        2         1

        CLASS   BANK0          
                cstackBANK0                          20       20       4A         1
                dataBANK0                            6D       6D        3         1
                bssBANK0                             6A       6A        3         1

        CLASS   BANK1          
                cstackBANK1                          D6       D6        9         1
                dataBANK1                            CC       CC        A         1
                bssBANK1                             A0       A0       2C         1

        CLASS   BANK2          

        CLASS   BANK3          

        CLASS   BANK4          

        CLASS   BANK5          

        CLASS   BANK6          

        CLASS   BANK7          

        CLASS   BANK8          

        CLASS   BANK9          

        CLASS   BANK10         

        CLASS   BANK11         

        CLASS   BANK12         

        CLASS   BANK13         

        CLASS   BANK14         

        CLASS   BANK15         

        CLASS   BANK16         

        CLASS   BANK17         

        CLASS   BANK18         

        CLASS   BANK19         

        CLASS   BANK20         

        CLASS   BANK21         

        CLASS   BANK22         

        CLASS   BANK23         

        CLASS   BANK24         

        CLASS   BANK25         

        CLASS   BANK26         

        CLASS   BANK27         

        CLASS   BANK28         

        CLASS   BANK29         

        CLASS   BANK30         

        CLASS   BANK31         

        CLASS   BANK32         

        CLASS   BANK33         

        CLASS   BANK34         

        CLASS   BANK35         

        CLASS   BANK36         

        CLASS   BANK37         

        CLASS   BANK38         

        CLASS   BANK39         

        CLASS   BANK40         

        CLASS   BANK41         

        CLASS   BANK42         

        CLASS   BANK43         

        CLASS   BANK44         

        CLASS   BANK45         

        CLASS   BANK46         

        CLASS   BANK47         

        CLASS   BANK48         

        CLASS   BANK49         

        CLASS   BANK50         

        CLASS   BIGRAM         

        CLASS   RAM            

        CLASS   ABS1           
                abs_s1                               7E       7E        2         1

        CLASS   SFR0           

        CLASS   SFR1           

        CLASS   SFR2           

        CLASS   SFR3           

        CLASS   SFR4           

        CLASS   SFR5           

        CLASS   SFR6           

        CLASS   SFR7           

        CLASS   SFR8           

        CLASS   SFR9           

        CLASS   SFR10          

        CLASS   SFR11          

        CLASS   SFR12          

        CLASS   SFR13          

        CLASS   SFR14          

        CLASS   SFR15          

        CLASS   SFR16          

        CLASS   SFR17          

        CLASS   SFR18          

        CLASS   SFR19          

        CLASS   SFR20          

        CLASS   SFR21          

        CLASS   SFR22          

        CLASS   SFR23          

        CLASS   SFR24          

        CLASS   SFR25          

        CLASS   SFR26          

        CLASS   SFR27          

        CLASS   SFR28          

        CLASS   SFR29          

        CLASS   SFR30          

        CLASS   SFR31          

        CLASS   SFR32          

        CLASS   SFR33          

        CLASS   SFR34          

        CLASS   SFR35          

        CLASS   SFR36          

        CLASS   SFR37          

        CLASS   SFR38          

        CLASS   SFR39          

        CLASS   SFR40          

        CLASS   SFR41          

        CLASS   SFR42          

        CLASS   SFR43          

        CLASS   SFR44          

        CLASS   SFR45          

        CLASS   SFR46          

        CLASS   SFR47          

        CLASS   SFR48          

        CLASS   SFR49          

        CLASS   SFR50          

        CLASS   SFR51          

        CLASS   SFR52          

        CLASS   SFR53          

        CLASS   SFR54          

        CLASS   SFR55          

        CLASS   SFR56          

        CLASS   SFR57          

        CLASS   SFR58          

        CLASS   SFR59          

        CLASS   SFR60          

        CLASS   SFR61          

        CLASS   SFR62          

        CLASS   SFR63          

        CLASS   CONFIG         
                config                             8007     8007        5         4

        CLASS   IDLOC          
                idloc                              8000     8000        4         5

        CLASS   EEDATA         

        CLASS   BANK63         

        CLASS   BANK62         

        CLASS   BANK61         

        CLASS   BANK60         

        CLASS   BANK59         

        CLASS   BANK58         

        CLASS   BANK57         

        CLASS   BANK56         

        CLASS   BANK55         

        CLASS   BANK54         

        CLASS   BANK53         

        CLASS   BANK52         

        CLASS   BANK51         



SEGMENTS        Name                           Load    Length   Top    Selector   Space  Class     Delta

                reset_vec                      000000  000002  000002         0       0  CODE        2
                intentry                       000004  00067C  000680         8       0  CODE        2
                cstackBANK0                    000020  000050  000070        20       1  BANK0       1
                cstackCOMMON                   000070  00000C  00007C        70       1  COMMON      1
                bssBANK1                       0000A0  00003F  0000DF        A0       1  BANK1       1
                stringtext1                    000680  000009  000689       D00       0  STRCODE     2
                idataBANK0                     000689  000006  00068F       D12       0  CODE        2


UNUSED ADDRESS RANGES

        Name                Unused          Largest block    Delta
        BANK1            000DF-000EF              11           1
        BANK10           00520-0056F              50           1
        BANK11           005A0-005EF              50           1
        BANK12           00620-0066F              50           1
        BANK13           006A0-006EF              50           1
        BANK14           00720-0076F              50           1
        BANK15           007A0-007EF              50           1
        BANK16           00820-0086F              50           1
        BANK17           008A0-008EF              50           1
        BANK18           00920-0096F              50           1
        BANK19           009A0-009EF              50           1
        BANK2            00120-0016F              50           1
        BANK20           00A20-00A6F              50           1
        BANK21           00AA0-00AEF              50           1
        BANK22           00B20-00B6F              50           1
        BANK23           00BA0-00BEF              50           1
        BANK24           00C20-00C6F              50           1
        BANK25           00CA0-00CEF              50           1
        BANK26           00D20-00D6F              50           1
        BANK27           00DA0-00DEF              50           1
        BANK28           00E20-00E6F              50           1
        BANK29           00EA0-00EEF              50           1
        BANK3            001A0-001EF              50           1
        BANK30           00F20-00F6F              50           1
        BANK31           00FA0-00FEF              50           1
        BANK32           01020-0106F              50           1
        BANK33           010A0-010EF              50           1
        BANK34           01120-0116F              50           1
        BANK35           011A0-011EF              50           1
        BANK36           01220-0126F              50           1
        BANK37           012A0-012EF              50           1
        BANK38           01320-0136F              50           1
        BANK39           013A0-013EF              50           1
        BANK4            00220-0026F              50           1
        BANK40           01420-0146F              50           1
        BANK41           014A0-014EF              50           1
        BANK42           01520-0156F              50           1
        BANK43           015A0-015EF              50           1
        BANK44           01620-0166F              50           1
        BANK45           016A0-016EF              50           1
        BANK46           01720-0176F              50           1
        BANK47           017A0-017EF              50           1
        BANK48           01820-0186F              50           1
        BANK49           018A0-018EF              50           1
        BANK5            002A0-002EF              50           1
        BANK50           01920-0196F              50           1
        BANK6            00320-0036F              50           1
        BANK7            003A0-003EF              50           1
        BANK8            00420-0046F              50           1
        BANK9            004A0-004EF              50           1
        BIGRAM           02000-02FEF             FF0           1
        CODE             00002-00003               2           2
                         0068F-07FFF             800
        COMMON           0007C-0007D               2           1
        CONST            00002-00003               2           2
                         0068F-07FFF             100
        EEDATA           0F000-0F0FF             100           2
        ENTRY            00002-00003               2           2
                         0068F-07FFF             100
        RAM              000DF-000EF              11           1
                         00120-0016F              50
                         001A0-001EF              50
                         00220-0026F              50
                         002A0-002EF              50
                         00320-0036F              50
                         003A0-003EF              50
                         00420-0046F              50
                         004A0-004EF              50
                         00520-0056F              50
                         005A0-005EF              50
                         00620-0066F              50
                         006A0-006EF              50
                         00720-0076F              50
                         007A0-007EF              50
                         00820-0086F              50
                         008A0-008EF              50
                         00920-0096F              50
                         009A0-009EF              50
                         00A20-00A6F              50
                         00AA0-00AEF              50
                         00B20-00B6F              50
                         00BA0-00BEF              50
                         00C20-00C6F              50
                         00CA0-00CEF              50
                         00D20-00D6F              50
                         00DA0-00DEF              50
                         00E20-00E6F              50
                         00EA0-00EEF              50
                         00F20-00F6F              50
                         00FA0-00FEF              50
                         01020-0106F              50
                         010A0-010EF              50
                         01120-0116F              50
                         011A0-011EF              50
                         01220-0126F              50
                         012A0-012EF              50
                         01320-0136F              50
                         013A0-013EF              50
                         01420-0146F              50
                         014A0-014EF              50
                         01520-0156F              50
                         015A0-015EF              50
                         01620-0166F              50
                         016A0-016EF              50
                         01720-0176F              50
                         017A0-017EF              50
                         01820-0186F              50
                         018A0-018EF              50
                         01920-0196F              50
        SFR0             00000-0001F              20           1
        SFR1             00080-0009F              20           1
        SFR10            00500-0051F              20           1
        SFR11            00580-0059F              20           1
        SFR12            00600-0061F              20           1
        SFR13            00680-0069F              20           1
        SFR14            00700-0071F              20           1
        SFR15            00780-0079F              20           1
        SFR16            00800-0081F              20           1
        SFR17            00880-0089F              20           1
        SFR18            00900-0091F              20           1
        SFR19            00980-0099F              20           1
        SFR2             00100-0011F              20           1
        SFR20            00A00-00A1F              20           1
        SFR21            00A80-00A9F              20           1
        SFR22            00B00-00B1F              20           1
        SFR23            00B80-00B9F              20           1
        SFR24            00C00-00C1F              20           1
        SFR25            00C80-00C9F              20           1
        SFR26            00D00-00D1F              20           1
        SFR27            00D80-00D9F              20           1
        SFR28            00E00-00E1F              20           1
        SFR29            00E80-00E9F              20           1
        SFR3             00180-0019F              20           1
        SFR30            00F00-00F1F              20           1
        SFR31            00F80-00F9F              20           1
        SFR32            01000-0101F              20           1
        SFR33            01080-0109F              20           1
        SFR34            01100-0111F              20           1
        SFR35            01180-0119F              20           1
        SFR36            01200-0121F              20           1
        SFR37            01280-0129F              20           1
        SFR38            01300-0131F              20           1
        SFR39            01380-0139F              20           1
        SFR4             00200-0021F              20           1
        SFR40            01400-0141F              20           1
        SFR41            01480-0149F              20           1
        SFR42            01500-0151F              20           1
        SFR43            01580-0159F              20           1
        SFR44            01600-0161F              20           1
        SFR45            01680-0169F              20           1
        SFR46            01700-0171F              20           1
        SFR47            01780-0179F              20           1
        SFR48            01800-0181F              20           1
        SFR49            01880-0189F              20           1
        SFR5             00280-0029F              20           1
        SFR50            01900-0191F              20           1
        SFR51            01980-019EF              70           1
        SFR52            01A00-01A6F              70           1
        SFR53            01A80-01AEF              70           1
        SFR54            01B00-01B6F              70           1
        SFR55            01B80-01BEF              70           1
        SFR56            01C00-01C6F              70           1
        SFR57            01C80-01CEF              70           1
        SFR58            01D00-01D6F              70           1
        SFR59            01D80-01DEF              70           1
        SFR6             00300-0031F              20           1
        SFR60            01E00-01E6F              70           1
        SFR61            01E80-01EEF              70           1
        SFR62            01F00-01F6F              70           1
        SFR63            01F80-01FEF              70           1
        SFR7             00380-0039F              20           1
        SFR8             00400-0041F              20           1
        SFR9             00480-0049F              20           1
        STACK            0208F-02FEF             F61           1
        STRCODE          00002-00003               2           2
                         0068F-07FFF            7971
        STRING           00002-00003               2           2
                         0068F-07FFF             100

                                  Symbol Table

?___lodiv                cstackBANK0  00020
?___lomod                cstackBANK0  00020
?_pad                    cstackBANK0  00029
?_printf                 cstackBANK1  000D6
?_strlen                 cstackCOMMON 00072
?_strncmp                cstackCOMMON 00072
?_utoa                   cstackBANK0  00039
?_vfpfcnvrt              cstackBANK0  00051
?_vfprintf               cstackBANK0  00062
_ANSELA                  (abs)        01F38
_ANSELB                  (abs)        01F43
_ANSELC                  (abs)        01F4E
_ANSELD                  (abs)        01F59
_ANSELE                  (abs)        01F64
_BAUD1CONbits            (abs)        0011F
_BAUDCONbits             (abs)        0011F
_BackLight_State         dataBANK0    0006D
_CCP1CON                 (abs)        0030E
_CCP1IF                  (abs)        03890
_CCPR1H                  (abs)        0030D
_CCPR1L                  (abs)        0030C
_I2C_init                text6        00637
_INLVLA                  (abs)        01F3C
_INLVLB                  (abs)        01F47
_INLVLC                  (abs)        01F52
_INLVLD                  (abs)        01F5D
_INLVLE                  (abs)        01F68
_INTCONbits              (abs)        0000B
_IOCAF                   (abs)        01F3F
_IOCAN                   (abs)        01F3E
_IOCAP                   (abs)        01F3D
_IOCBF                   (abs)        01F4A
_IOCBN                   (abs)        01F49
_IOCBP                   (abs)        01F48
_IOCCF                   (abs)        01F55
_IOCCN                   (abs)        01F54
_IOCCP                   (abs)        01F53
_IOCEF                   (abs)        01F6B
_IOCEN                   (abs)        01F6A
_IOCEP                   (abs)        01F69
_LATA                    (abs)        00016
_LATB                    (abs)        00017
_LATBbits                (abs)        00017
_LATC                    (abs)        00018
_LATD                    (abs)        00019
_LATDbits                (abs)        00019
_LATE                    (abs)        0001A
_ODCONA                  (abs)        01F3A
_ODCONB                  (abs)        01F45
_ODCONC                  (abs)        01F50
_ODCOND                  (abs)        01F5B
_ODCONE                  (abs)        01F66
_OSCCON1                 (abs)        0088D
_OSCCON2                 (abs)        0088E
_OSCCON3                 (abs)        0088F
_OSCEN                   (abs)        00891
_OSCFRQ                  (abs)        00893
_OSCSTAT                 (abs)        00890
_OSCTUNE                 (abs)        00892
_PIE3bits                (abs)        00719
_PIE6bits                (abs)        0071C
_PIR3bits                (abs)        0070F
_PORTAbits               (abs)        0000C
_RC1STAbits              (abs)        0011D
_RC3PPS                  (abs)        01F23
_RC4PPS                  (abs)        01F24
_RC6PPS                  (abs)        01F26
_RCIF                    (abs)        0387D
_RCREG                   (abs)        00119
_RS                      bssBANK0     0006B
_RXPPS                   (abs)        01ECB
_SLRCONA                 (abs)        01F3B
_SLRCONB                 (abs)        01F46
_SLRCONC                 (abs)        01F51
_SLRCOND                 (abs)        01F5C
_SLRCONE                 (abs)        01F67
_SPBRGH                  (abs)        0011C
_SPBRGL                  (abs)        0011B
_SSP1ADD                 (abs)        0018D
_SSP1BUF                 (abs)        0018C
_SSP1CLKPPS              (abs)        01EC5
_SSP1CON1                (abs)        00190
_SSP1CON1bits            (abs)        00190
_SSP1CON2                (abs)        00191
_SSP1CON2bits            (abs)        00191
_SSP1CON3                (abs)        00192
_SSP1DATPPS              (abs)        01EC6
_SSP1STAT                (abs)        0018F
_SSP1STATbits            (abs)        0018F
_T1CKIPPS                (abs)        01E92
_T1CLK                   (abs)        00211
_T1CONbits               (abs)        0020E
_T1GCONbits              (abs)        0020F
_T1GPPS                  (abs)        01E93
_TRISA                   (abs)        00011
_TRISB                   (abs)        00012
_TRISBbits               (abs)        00012
_TRISC                   (abs)        00013
_TRISCbits               (abs)        00013
_TRISD                   (abs)        00014
_TRISE                   (abs)        00015
_TX1REG                  (abs)        0011A
_TX1STAbits              (abs)        0011E
_TXIF                    (abs)        0387C
_TXREG                   (abs)        0011A
_WPUA                    (abs)        01F39
_WPUB                    (abs)        01F44
_WPUC                    (abs)        01F4F
_WPUD                    (abs)        01F5A
_WPUE                    (abs)        01F65
__Habs1                  abs1         00000
__Hbank0                 bank0        00000
__Hbank1                 bank1        00000
__Hbank10                bank10       00000
__Hbank11                bank11       00000
__Hbank12                bank12       00000
__Hbank13                bank13       00000
__Hbank14                bank14       00000
__Hbank15                bank15       00000
__Hbank16                bank16       00000
__Hbank17                bank17       00000
__Hbank18                bank18       00000
__Hbank19                bank19       00000
__Hbank2                 bank2        00000
__Hbank20                bank20       00000
__Hbank21                bank21       00000
__Hbank22                bank22       00000
__Hbank23                bank23       00000
__Hbank24                bank24       00000
__Hbank25                bank25       00000
__Hbank26                bank26       00000
__Hbank27                bank27       00000
__Hbank28                bank28       00000
__Hbank29                bank29       00000
__Hbank3                 bank3        00000
__Hbank30                bank30       00000
__Hbank31                bank31       00000
__Hbank32                bank32       00000
__Hbank33                bank33       00000
__Hbank34                bank34       00000
__Hbank35                bank35       00000
__Hbank36                bank36       00000
__Hbank37                bank37       00000
__Hbank38                bank38       00000
__Hbank39                bank39       00000
__Hbank4                 bank4        00000
__Hbank40                bank40       00000
__Hbank41                bank41       00000
__Hbank42                bank42       00000
__Hbank43                bank43       00000
__Hbank44                bank44       00000
__Hbank45                bank45       00000
__Hbank46                bank46       00000
__Hbank47                bank47       00000
__Hbank48                bank48       00000
__Hbank49                bank49       00000
__Hbank5                 bank5        00000
__Hbank50                bank50       00000
__Hbank51                bank51       00000
__Hbank52                bank52       00000
__Hbank53                bank53       00000
__Hbank54                bank54       00000
__Hbank55                bank55       00000
__Hbank56                bank56       00000
__Hbank57                bank57       00000
__Hbank58                bank58       00000
__Hbank59                bank59       00000
__Hbank6                 bank6        00000
__Hbank60                bank60       00000
__Hbank61                bank61       00000
__Hbank62                bank62       00000
__Hbank63                bank63       00000
__Hbank7                 bank7        00000
__Hbank8                 bank8        00000
__Hbank9                 bank9        00000
__Hbigram                bigram       00000
__HbssBANK0              bssBANK0     00000
__HbssBANK1              bssBANK1     00000
__HbssCOMMON             bssCOMMON    00000
__Hcinit                 cinit        0009F
__Hclrtext               clrtext      00000
__Hcode                  code         00000
__Hcommon                common       00000
__Hconfig                config       0800C
__HcstackBANK0           cstackBANK0  00000
__HcstackBANK1           cstackBANK1  00000
__HcstackCOMMON          cstackCOMMON 00000
__HdataBANK0             dataBANK0    00000
__HdataBANK1             dataBANK1    00000
__Heeprom_data           eeprom_data  00000
__Hend_init              end_init     00076
__Hfunctab               functab      00000
__HidataBANK0            idataBANK0   00000
__HidataBANK1            idataBANK1   00000
__Hidloc                 idloc        08004
__Hinit                  init         00074
__Hinittext              inittext     00000
__Hintentry              intentry     00074
__Hmaintext              maintext     00000
__Hpowerup               powerup      00000
__Hram                   ram          00000
__Hreset_vec             reset_vec    00002
__Hsfr0                  sfr0         00000
__Hsfr1                  sfr1         00000
__Hsfr10                 sfr10        00000
__Hsfr11                 sfr11        00000
__Hsfr12                 sfr12        00000
__Hsfr13                 sfr13        00000
__Hsfr14                 sfr14        00000
__Hsfr15                 sfr15        00000
__Hsfr16                 sfr16        00000
__Hsfr17                 sfr17        00000
__Hsfr18                 sfr18        00000
__Hsfr19                 sfr19        00000
__Hsfr2                  sfr2         00000
__Hsfr20                 sfr20        00000
__Hsfr21                 sfr21        00000
__Hsfr22                 sfr22        00000
__Hsfr23                 sfr23        00000
__Hsfr24                 sfr24        00000
__Hsfr25                 sfr25        00000
__Hsfr26                 sfr26        00000
__Hsfr27                 sfr27        00000
__Hsfr28                 sfr28        00000
__Hsfr29                 sfr29        00000
__Hsfr3                  sfr3         00000
__Hsfr30                 sfr30        00000
__Hsfr31                 sfr31        00000
__Hsfr32                 sfr32        00000
__Hsfr33                 sfr33        00000
__Hsfr34                 sfr34        00000
__Hsfr35                 sfr35        00000
__Hsfr36                 sfr36        00000
__Hsfr37                 sfr37        00000
__Hsfr38                 sfr38        00000
__Hsfr39                 sfr39        00000
__Hsfr4                  sfr4         00000
__Hsfr40                 sfr40        00000
__Hsfr41                 sfr41        00000
__Hsfr42                 sfr42        00000
__Hsfr43                 sfr43        00000
__Hsfr44                 sfr44        00000
__Hsfr45                 sfr45        00000
__Hsfr46                 sfr46        00000
__Hsfr47                 sfr47        00000
__Hsfr48                 sfr48        00000
__Hsfr49                 sfr49        00000
__Hsfr5                  sfr5         00000
__Hsfr50                 sfr50        00000
__Hsfr51                 sfr51        00000
__Hsfr52                 sfr52        00000
__Hsfr53                 sfr53        00000
__Hsfr54                 sfr54        00000
__Hsfr55                 sfr55        00000
__Hsfr56                 sfr56        00000
__Hsfr57                 sfr57        00000
__Hsfr58                 sfr58        00000
__Hsfr59                 sfr59        00000
__Hsfr6                  sfr6         00000
__Hsfr60                 sfr60        00000
__Hsfr61                 sfr61        00000
__Hsfr62                 sfr62        00000
__Hsfr63                 sfr63        00000
__Hsfr7                  sfr7         00000
__Hsfr8                  sfr8         00000
__Hsfr9                  sfr9         00000
__Hspace_0               (abs)        0068F
__Hspace_1               (abs)        000DF
__Hspace_2               (abs)        00000
__Hspace_3               (abs)        00000
__Hspace_4               (abs)        10013
__Hstack                 stack        00000
__Hstrings               strings      00000
__Hstringtext1           stringtext1  00000
__Hstringtext2           stringtext2  00000
__Hstringtext3           stringtext3  00000
__Htext                  text         00000
__Labs1                  abs1         00000
__Lbank0                 bank0        00000
__Lbank1                 bank1        00000
__Lbank10                bank10       00000
__Lbank11                bank11       00000
__Lbank12                bank12       00000
__Lbank13                bank13       00000
__Lbank14                bank14       00000
__Lbank15                bank15       00000
__Lbank16                bank16       00000
__Lbank17                bank17       00000
__Lbank18                bank18       00000
__Lbank19                bank19       00000
__Lbank2                 bank2        00000
__Lbank20                bank20       00000
__Lbank21                bank21       00000
__Lbank22                bank22       00000
__Lbank23                bank23       00000
__Lbank24                bank24       00000
__Lbank25                bank25       00000
__Lbank26                bank26       00000
__Lbank27                bank27       00000
__Lbank28                bank28       00000
__Lbank29                bank29       00000
__Lbank3                 bank3        00000
__Lbank30                bank30       00000
__Lbank31                bank31       00000
__Lbank32                bank32       00000
__Lbank33                bank33       00000
__Lbank34                bank34       00000
__Lbank35                bank35       00000
__Lbank36                bank36       00000
__Lbank37                bank37       00000
__Lbank38                bank38       00000
__Lbank39                bank39       00000
__Lbank4                 bank4        00000
__Lbank40                bank40       00000
__Lbank41                bank41       00000
__Lbank42                bank42       00000
__Lbank43                bank43       00000
__Lbank44                bank44       00000
__Lbank45                bank45       00000
__Lbank46                bank46       00000
__Lbank47                bank47       00000
__Lbank48                bank48       00000
__Lbank49                bank49       00000
__Lbank5                 bank5        00000
__Lbank50                bank50       00000
__Lbank51                bank51       00000
__Lbank52                bank52       00000
__Lbank53                bank53       00000
__Lbank54                bank54       00000
__Lbank55                bank55       00000
__Lbank56                bank56       00000
__Lbank57                bank57       00000
__Lbank58                bank58       00000
__Lbank59                bank59       00000
__Lbank6                 bank6        00000
__Lbank60                bank60       00000
__Lbank61                bank61       00000
__Lbank62                bank62       00000
__Lbank63                bank63       00000
__Lbank7                 bank7        00000
__Lbank8                 bank8        00000
__Lbank9                 bank9        00000
__Lbigram                bigram       00000
__LbssBANK0              bssBANK0     00000
__LbssBANK1              bssBANK1     00000
__LbssCOMMON             bssCOMMON    00000
__Lcinit                 cinit        00076
__Lclrtext               clrtext      00000
__Lcode                  code         00000
__Lcommon                common       00000
__Lconfig                config       00000
__LcstackBANK0           cstackBANK0  00000
__LcstackBANK1           cstackBANK1  00000
__LcstackCOMMON          cstackCOMMON 00000
__LdataBANK0             dataBANK0    00000
__LdataBANK1             dataBANK1    00000
__Leeprom_data           eeprom_data  00000
__Lend_init              end_init     00074
__Lfunctab               functab      00000
__LidataBANK0            idataBANK0   00000
__LidataBANK1            idataBANK1   00000
__Lidloc                 idloc        00000
__Linit                  init         00074
__Linittext              inittext     00000
__Lintentry              intentry     00004
__Lmaintext              maintext     00000
__Lpowerup               powerup      00000
__Lram                   ram          00000
__Lreset_vec             reset_vec    00000
__Lsfr0                  sfr0         00000
__Lsfr1                  sfr1         00000
__Lsfr10                 sfr10        00000
__Lsfr11                 sfr11        00000
__Lsfr12                 sfr12        00000
__Lsfr13                 sfr13        00000
__Lsfr14                 sfr14        00000
__Lsfr15                 sfr15        00000
__Lsfr16                 sfr16        00000
__Lsfr17                 sfr17        00000
__Lsfr18                 sfr18        00000
__Lsfr19                 sfr19        00000
__Lsfr2                  sfr2         00000
__Lsfr20                 sfr20        00000
__Lsfr21                 sfr21        00000
__Lsfr22                 sfr22        00000
__Lsfr23                 sfr23        00000
__Lsfr24                 sfr24        00000
__Lsfr25                 sfr25        00000
__Lsfr26                 sfr26        00000
__Lsfr27                 sfr27        00000
__Lsfr28                 sfr28        00000
__Lsfr29                 sfr29        00000
__Lsfr3                  sfr3         00000
__Lsfr30                 sfr30        00000
__Lsfr31                 sfr31        00000
__Lsfr32                 sfr32        00000
__Lsfr33                 sfr33        00000
__Lsfr34                 sfr34        00000
__Lsfr35                 sfr35        00000
__Lsfr36                 sfr36        00000
__Lsfr37                 sfr37        00000
__Lsfr38                 sfr38        00000
__Lsfr39                 sfr39        00000
__Lsfr4                  sfr4         00000
__Lsfr40                 sfr40        00000
__Lsfr41                 sfr41        00000
__Lsfr42                 sfr42        00000
__Lsfr43                 sfr43        00000
__Lsfr44                 sfr44        00000
__Lsfr45                 sfr45        00000
__Lsfr46                 sfr46        00000
__Lsfr47                 sfr47        00000
__Lsfr48                 sfr48        00000
__Lsfr49                 sfr49        00000
__Lsfr5                  sfr5         00000
__Lsfr50                 sfr50        00000
__Lsfr51                 sfr51        00000
__Lsfr52                 sfr52        00000
__Lsfr53                 sfr53        00000
__Lsfr54                 sfr54        00000
__Lsfr55                 sfr55        00000
__Lsfr56                 sfr56        00000
__Lsfr57                 sfr57        00000
__Lsfr58                 sfr58        00000
__Lsfr59                 sfr59        00000
__Lsfr6                  sfr6         00000
__Lsfr60                 sfr60        00000
__Lsfr61                 sfr61        00000
__Lsfr62                 sfr62        00000
__Lsfr63                 sfr63        00000
__Lsfr7                  sfr7         00000
__Lsfr8                  sfr8         00000
__Lsfr9                  sfr9         00000
__Lspace_0               (abs)        00000
__Lspace_1               (abs)        00000
__Lspace_2               (abs)        00000
__Lspace_3               (abs)        00000
__Lspace_4               (abs)        00000
__Lstack                 stack        00000
__Lstrings               strings      00000
__Lstringtext1           stringtext1  00000
__Lstringtext2           stringtext2  00000
__Lstringtext3           stringtext3  00000
__Ltext                  text         00000
__S0                     (abs)        0068F
__S1                     (abs)        000DF
__S2                     (abs)        00000
__S3                     (abs)        00000
___int_sp                stack        00000
___latbits               (abs)        00004
___lodiv                 text19       00302
___lodiv@counter         cstackBANK0  00038
___lodiv@dividend        cstackBANK0  00028
___lodiv@divisor         cstackBANK0  00020
___lodiv@quotient        cstackBANK0  00030
___lomod                 text18       00386
___lomod@counter         cstackCOMMON 00073
___lomod@dividend        cstackBANK0  00028
___lomod@divisor         cstackBANK0  00020
___sp                    stack        00000
___stackhi               (abs)        02FEF
___stacklo               (abs)        0208F
__end_of_I2C_init        text6        00646
__end_of___lodiv         text19       00386
__end_of___lomod         text18       003F7
__end_of__initialization cinit        0009B
__end_of_clock_init      text5        00653
__end_of_fputc           text16       00548
__end_of_fputs           text15       005D4
__end_of_int_init        text4        0068F
__end_of_main            maintext     0057B
__end_of_pad             text13       00508
__end_of_pin_init        text3        004AF
__end_of_printf          text9        00604
__end_of_putch           text17       00674
__end_of_receive_isr     intentry     00074
__end_of_send_ready      text8        00660
__end_of_stepper_init    text7        00616
__end_of_strlen          text14       005ED
__end_of_strncmp         text20       00454
__end_of_system_init     text1        00637
__end_of_uart_init       text2        00627
__end_of_utoa            text12       00302
__end_of_vfpfcnvrt       text11       00214
__end_of_vfprintf        text10       005AC
__initialization         cinit        00076
__pbssBANK0              bssBANK0     0006A
__pbssBANK1              bssBANK1     000A0
__pbssCOMMON             bssCOMMON    0007A
__pcstackBANK0           cstackBANK0  00020
__pcstackBANK1           cstackBANK1  000D6
__pcstackCOMMON          cstackCOMMON 00070
__pdataBANK0             dataBANK0    0006D
__pdataBANK1             dataBANK1    000CC
__pidataBANK0            idataBANK0   00689
__pidataBANK1            idataBANK1   00660
__pintentry              intentry     00004
__pmaintext              maintext     00548
__pstringtext1           stringtext1  00680
__pstringtext2           stringtext2  00685
__pstringtext3           stringtext3  00000
__ptext1                 text1        00627
__ptext10                text10       0057B
__ptext11                text11       0009F
__ptext12                text12       00214
__ptext13                text13       004AF
__ptext14                text14       005D4
__ptext15                text15       005AC
__ptext16                text16       00508
__ptext17                text17       0066A
__ptext18                text18       00386
__ptext19                text19       00302
__ptext2                 text2        00616
__ptext20                text20       003F7
__ptext3                 text3        00454
__ptext4                 text4        0068C
__ptext5                 text5        00646
__ptext6                 text6        00637
__ptext7                 text7        00604
__ptext8                 text8        00653
__ptext9                 text9        005ED
__size_of_I2C_init       (abs)        00000
__size_of___lodiv        (abs)        00000
__size_of___lomod        (abs)        00000
__size_of_clock_init     (abs)        00000
__size_of_fputc          (abs)        00000
__size_of_fputs          (abs)        00000
__size_of_int_init       (abs)        00000
__size_of_main           (abs)        00000
__size_of_pad            (abs)        00000
__size_of_pin_init       (abs)        00000
__size_of_printf         (abs)        00000
__size_of_putch          (abs)        00000
__size_of_receive_isr    (abs)        00000
__size_of_send_ready     (abs)        00000
__size_of_stepper_init   (abs)        00000
__size_of_strlen         (abs)        00000
__size_of_strncmp        (abs)        00000
__size_of_system_init    (abs)        00000
__size_of_uart_init      (abs)        00000
__size_of_utoa           (abs)        00000
__size_of_vfpfcnvrt      (abs)        00000
__size_of_vfprintf       (abs)        00000
_clock_init              text5        00646
_data_fingers            bssBANK1     000AA
_data_flex               bssBANK1     000AB
_data_in                 bssCOMMON    0007A
_data_x                  bssBANK1     000A9
_data_y                  bssBANK1     000A8
_dbuf                    bssBANK1     000AC
_flags                   bssBANK1     000A6
_fputc                   text16       00508
_fputs                   text15       005AC
_int_init                text4        0068C
_lcd_address             bssBANK0     0006C
_main                    maintext     00548
_nout                    bssBANK1     000A0
_pad                     text13       004AF
_pca_address             bssCOMMON    0007B
_pin_init                text3        00454
_prec                    bssBANK1     000A4
_printf                  text9        005ED
_putch                   text17       0066A
_ready                   bssBANK0     0006A
_receive_isr             intentry     00004
_send_ready              text8        00653
_servo1_stat             dataBANK0    0006E
_servo2_stat             dataBANK1    000D4
_servo3_stat             dataBANK1    000D2
_stepper_init            text7        00604
_strlen                  text14       005D4
_strncmp                 text20       003F7
_system_init             text1        00627
_uart_init               text2        00616
_utoa                    text12       00214
_vfpfcnvrt               text11       0009F
_vfprintf                text10       0057B
_width                   bssBANK1     000A2
btemp                    (abs)        0007E
clear_ram0               clrtext      0067A
end_of_initialization    cinit        0009B
fputc@c                  cstackCOMMON 00073
fputc@fp                 cstackCOMMON 00075
fputs@c                  cstackBANK0  00025
fputs@fp                 cstackCOMMON 00076
fputs@i                  cstackBANK0  00026
fputs@s                  cstackBANK0  00028
init_ram                 inittext     00674
int$flags                (abs)        0007E
intlevel0                functab      00000
intlevel1                functab      00000
intlevel2                functab      00000
intlevel3                functab      00000
intlevel4                functab      00000
intlevel5                functab      00000
main@init_ready          cstackBANK1  000DE
pad@buf                  cstackBANK0  00029
pad@fp                   cstackBANK0  00031
pad@i                    cstackBANK0  0002D
pad@p                    cstackBANK0  0002A
pad@w                    cstackBANK0  0002F
printf@ap                cstackBANK1  000DB
printf@fmt               cstackBANK1  000D6
putch@data               cstackCOMMON 00072
reset_vec                reset_vec    00000
start                    init         00074
start_initialization     cinit        00076
strlen@a                 cstackCOMMON 00075
strlen@s                 cstackCOMMON 00076
strncmp@_l               cstackCOMMON 00072
strncmp@_r               cstackCOMMON 00074
strncmp@l                cstackBANK0  00020
strncmp@n                cstackCOMMON 00076
strncmp@r                cstackBANK0  00022
utoa@d                   cstackBANK0  00039
utoa@fp                  cstackBANK0  00044
utoa@i                   cstackBANK0  0004F
utoa@n                   cstackBANK0  00047
utoa@p                   cstackBANK0  00042
utoa@w                   cstackBANK0  00045
vfpfcnvrt@ap             cstackBANK0  00052
vfpfcnvrt@fmt            cstackBANK0  00051
vfpfcnvrt@fp             cstackBANK0  00061
vfpfcnvrt@llu            cstackBANK0  00058
vfpfcnvrt@vp             cstackBANK0  00060
vfprintf@ap              cstackBANK0  00064
vfprintf@cfmt            cstackBANK0  00068
vfprintf@fmt             cstackBANK0  00062
vfprintf@fp              cstackBANK0  00067
wtemp0                   (abs)        0007E


MODULE INFORMATION

Module		Function		Class		Link	Load	Size
system_init.c
		_clock_init    		CODE           	0646	0000	13
		_system_init   		CODE           	0627	0000	16
		_pin_init      		CODE           	0454	0000	91
		_int_init      		CODE           	068C	0000	3

system_init.c estimated size: 123

C:\Program Files\Microchip\pic\sources\c99\common\printf.c
		_printf        		CODE           	05ED	0000	23

C:\Program Files\Microchip\pic\sources\c99\common\printf.c estimated size: 23

uart.c
		_putch         		CODE           	066A	0000	10
		_uart_init     		CODE           	0616	0000	17
		_send_ready    		CODE           	0653	0000	13

uart.c estimated size: 40

C:\Program Files\Microchip\pic\sources\c99\common\lodiv.c
		___lodiv       		CODE           	0302	0000	132

C:\Program Files\Microchip\pic\sources\c99\common\lodiv.c estimated size: 132

C:\Program Files\Microchip\pic\sources\c99\common\strlen.c
		_strlen        		CODE           	05D4	0000	25

C:\Program Files\Microchip\pic\sources\c99\common\strlen.c estimated size: 25

C:\Program Files\Microchip\pic\sources\c99\common\nf_fputc.c
		_fputc         		CODE           	0508	0000	64

C:\Program Files\Microchip\pic\sources\c99\common\nf_fputc.c estimated size: 64

Stepper.c
		_stepper_init  		CODE           	0604	0000	18

Stepper.c estimated size: 18

I2C_MSSP1_driver.c
		_I2C_init      		CODE           	0637	0000	15

I2C_MSSP1_driver.c estimated size: 15

Main.c
		_main          		CODE           	0548	0000	51
		_receive_isr   		CODE           	0004	0000	112

Main.c estimated size: 163

shared
		__initialization		CODE           	0076	0000	37

shared estimated size: 37

C:\Program Files\Microchip\pic\sources\c99\common\doprnt.c
		_vfpfcnvrt     		CODE           	009F	0000	373
		_pad           		CODE           	04AF	0000	89
		_vfprintf      		CODE           	057B	0000	49
		_utoa          		CODE           	0214	0000	238

C:\Program Files\Microchip\pic\sources\c99\common\doprnt.c estimated size: 749

C:\Program Files\Microchip\pic\sources\c99\common\strncmp.c
		_strncmp       		CODE           	03F7	0000	93

C:\Program Files\Microchip\pic\sources\c99\common\strncmp.c estimated size: 93

C:\Program Files\Microchip\pic\sources\c99\common\lomod.c
		___lomod       		CODE           	0386	0000	113

C:\Program Files\Microchip\pic\sources\c99\common\lomod.c estimated size: 113

C:\Program Files\Microchip\pic\sources\c99\common\nf_fputs.c
		_fputs         		CODE           	05AC	0000	40

C:\Program Files\Microchip\pic\sources\c99\common\nf_fputs.c estimated size: 40

